// Vitest Snapshot v1, https://vitest.dev/guide/snapshot.html

exports[`Gate 3 input builder with the real loader > golden: the assembled input gives a pinned QV-v1.0 evaluation 1`] = `
{
  "outcome": {
    "kind": "CLASSIFIED",
    "state": "WATCH",
  },
  "reasonCodes": [
    "DATA_ANALYST_REVISION_DATA_UNAVAILABLE",
    "DATA_CORPORATE_EVENT_FLAGS_UNAVAILABLE",
    "DATA_LEVERAGE_TRAJECTORY_UNAVAILABLE",
    "FUNDAMENTAL_EPS_IMPROVING",
    "FUNDAMENTAL_FCF_IMPROVING",
    "FUNDAMENTAL_INTEGRITY_INTACT",
    "FUNDAMENTAL_MOMENTUM_IMPROVING",
    "FUNDAMENTAL_OPERATING_MARGIN_IMPROVING",
    "FUNDAMENTAL_REVENUE_IMPROVING",
    "LIFECYCLE_STATE_WATCH",
    "LIFECYCLE_UNMET_TECHNICAL",
    "QUALITY_FCF_POSITIVE",
    "QUALITY_LEVERAGE_STRONG",
    "QUALITY_OPERATING_MARGIN_POSITIVE",
    "QUALITY_PASS",
    "QUALITY_REVENUE_STRONG",
    "QUALITY_ROIC_ACCEPTABLE",
    "RISK_VALUATION_CONFLICT",
    "TECHNICAL_STATE_NOT_ESTABLISHED",
    "VALUATION_CONFLICT",
    "VALUATION_DISLOCATION_STRONG",
    "VALUATION_GROWTH_ADJUSTED_INTACT",
  ],
}
`;
